Thu 03 Sep 2026 16:34:03 INFO  ['experiments/code/run_experiment.py']
Thu 03 Sep 2026 16:34:03 INFO  
General Hyper Parameters:
gpu_id = 0
use_gpu = True
seed = 2026
state = INFO
reproducibility = True
data_path = /root/miniconda3/lib/python3.10/site-packages/recbole/config/../dataset_example/ml-100k
checkpoint_dir = saved
show_progress = True
save_dataset = False
dataset_save_path = None
save_dataloaders = False
dataloaders_save_path = None
log_wandb = False

Training Hyper Parameters:
epochs = 50
train_batch_size = 2048
learner = adam
learning_rate = 0.0005
train_neg_sample_args = {'distribution': 'none', 'sample_num': 'none', 'alpha': 'none', 'dynamic': False, 'candidate_num': 0}
eval_step = 1
stopping_step = 3
clip_grad_norm = None
weight_decay = 0.0
loss_decimal_place = 4

Evaluation Hyper Parameters:
eval_args = {'split': {'LS': 'valid_and_test'}, 'order': 'TO', 'group_by': 'user', 'mode': {'valid': 'full', 'test': 'full'}}
repeatable = True
metrics = ['Recall', 'Hit', 'NDCG', 'MRR']
topk = [10, 20]
valid_metric = NDCG@10
valid_metric_bigger = True
eval_batch_size = 4096
metric_decimal_place = 4

Dataset Hyper Parameters:
field_separator = 	
seq_separator =  
USER_ID_FIELD = user_id
ITEM_ID_FIELD = item_id
RATING_FIELD = rating
TIME_FIELD = timestamp
seq_len = None
LABEL_FIELD = label
threshold = None
NEG_PREFIX = neg_
load_col = {'inter': ['user_id', 'item_id', 'timestamp']}
unload_col = None
unused_col = None
additional_feat_suffix = None
rm_dup_inter = None
val_interval = None
filter_inter_by_user_or_item = True
user_inter_num_interval = None
item_inter_num_interval = None
alias_of_user_id = None
alias_of_item_id = None
alias_of_entity_id = None
alias_of_relation_id = None
preload_weight = None
normalize_field = None
normalize_all = True
ITEM_LIST_LENGTH_FIELD = item_length
LIST_SUFFIX = _list
MAX_ITEM_LIST_LENGTH = 50
POSITION_FIELD = position_id
HEAD_ENTITY_ID_FIELD = head_id
TAIL_ENTITY_ID_FIELD = tail_id
RELATION_ID_FIELD = relation_id
ENTITY_ID_FIELD = entity_id
kg_reverse_r = False
entity_kg_num_interval = None
relation_kg_num_interval = None
benchmark_filename = None

Other Hyper Parameters: 
worker = 0
wandb_project = recbole
shuffle = True
require_pow = False
enable_amp = False
enable_scaler = False
transform = None
n_layers = 2
n_heads = 2
hidden_size = 64
inner_size = 256
hidden_dropout_prob = 0.2
attn_dropout_prob = 0.2
hidden_act = gelu
layer_norm_eps = 1e-12
initializer_range = 0.02
loss_type = CE
numerical_features = []
discretization = None
MODEL_TYPE = ModelType.SEQUENTIAL
embedding_size = 64
MODEL_INPUT_TYPE = InputType.POINTWISE
eval_type = EvaluatorType.RANKING
single_spec = True
local_rank = 0
device = cuda
valid_neg_sample_args = {'distribution': 'uniform', 'sample_num': 'none'}
test_neg_sample_args = {'distribution': 'uniform', 'sample_num': 'none'}


Thu 03 Sep 2026 16:34:04 INFO  ml-100k
The number of users: 944
Average actions of users: 106.04453870625663
The number of items: 1683
Average actions of items: 59.45303210463734
The number of inters: 100000
The sparsity of the dataset: 93.70575143257098%
Remain Fields: ['user_id', 'item_id', 'timestamp']
Thu 03 Sep 2026 16:34:06 INFO  [Training]: train_batch_size = [2048] train_neg_sample_args: [{'distribution': 'none', 'sample_num': 'none', 'alpha': 'none', 'dynamic': False, 'candidate_num': 0}]
Thu 03 Sep 2026 16:34:06 INFO  [Evaluation]: eval_batch_size = [4096] eval_args: [{'split': {'LS': 'valid_and_test'}, 'order': 'TO', 'group_by': 'user', 'mode': {'valid': 'full', 'test': 'full'}}]
Thu 03 Sep 2026 16:34:06 INFO  SASRec(
  (item_embedding): Embedding(1683, 64, padding_idx=0)
  (position_embedding): Embedding(50, 64)
  (trm_encoder): TransformerEncoder(
    (layer): ModuleList(
      (0-1): 2 x TransformerLayer(
        (multi_head_attention): MultiHeadAttention(
          (query): Linear(in_features=64, out_features=64, bias=True)
          (key): Linear(in_features=64, out_features=64, bias=True)
          (value): Linear(in_features=64, out_features=64, bias=True)
          (softmax): Softmax(dim=-1)
          (attn_dropout): Dropout(p=0.2, inplace=False)
          (dense): Linear(in_features=64, out_features=64, bias=True)
          (LayerNorm): LayerNorm((64,), eps=1e-12, elementwise_affine=True)
          (out_dropout): Dropout(p=0.2, inplace=False)
        )
        (feed_forward): FeedForward(
          (dense_1): Linear(in_features=64, out_features=256, bias=True)
          (dense_2): Linear(in_features=256, out_features=64, bias=True)
          (LayerNorm): LayerNorm((64,), eps=1e-12, elementwise_affine=True)
          (dropout): Dropout(p=0.2, inplace=False)
        )
      )
    )
  )
  (LayerNorm): LayerNorm((64,), eps=1e-12, elementwise_affine=True)
  (dropout): Dropout(p=0.2, inplace=False)
  (loss_fct): CrossEntropyLoss()
)
Trainable parameters: 211008
Thu 03 Sep 2026 16:34:06 INFO  FLOPs: 4983464.0
Thu 03 Sep 2026 16:34:10 INFO  epoch 0 training [time: 3.46s, train loss: 343.8222]
Thu 03 Sep 2026 16:34:10 INFO  epoch 0 evaluating [time: 0.06s, valid_score: 0.011400]
Thu 03 Sep 2026 16:34:10 INFO  valid result: 
recall@10 : 0.0212    recall@20 : 0.0477    hit@10 : 0.0212    hit@20 : 0.0477    ndcg@10 : 0.0114    ndcg@20 : 0.018    mrr@10 : 0.0084    mrr@20 : 0.0102
Thu 03 Sep 2026 16:34:10 INFO  Saving current: saved/SASRec-Sep-03-2026_16-34-06.pth
Thu 03 Sep 2026 16:34:13 INFO  epoch 1 training [time: 3.33s, train loss: 321.7514]
Thu 03 Sep 2026 16:34:13 INFO  epoch 1 evaluating [time: 0.06s, valid_score: 0.030200]
Thu 03 Sep 2026 16:34:13 INFO  valid result: 
recall@10 : 0.0615    recall@20 : 0.1124    hit@10 : 0.0615    hit@20 : 0.1124    ndcg@10 : 0.0302    ndcg@20 : 0.0429    mrr@10 : 0.0206    mrr@20 : 0.024
Thu 03 Sep 2026 16:34:13 INFO  Saving current: saved/SASRec-Sep-03-2026_16-34-06.pth
Thu 03 Sep 2026 16:34:17 INFO  epoch 2 training [time: 3.35s, train loss: 308.4763]
Thu 03 Sep 2026 16:34:17 INFO  epoch 2 evaluating [time: 0.03s, valid_score: 0.036800]
Thu 03 Sep 2026 16:34:17 INFO  valid result: 
recall@10 : 0.0806    recall@20 : 0.1442    hit@10 : 0.0806    hit@20 : 0.1442    ndcg@10 : 0.0368    ndcg@20 : 0.0527    mrr@10 : 0.0239    mrr@20 : 0.0281
Thu 03 Sep 2026 16:34:17 INFO  Saving current: saved/SASRec-Sep-03-2026_16-34-06.pth
Thu 03 Sep 2026 16:34:20 INFO  epoch 3 training [time: 3.34s, train loss: 299.5916]
Thu 03 Sep 2026 16:34:20 INFO  epoch 3 evaluating [time: 0.04s, valid_score: 0.045100]
Thu 03 Sep 2026 16:34:20 INFO  valid result: 
recall@10 : 0.0901    recall@20 : 0.175    hit@10 : 0.0901    hit@20 : 0.175    ndcg@10 : 0.0451    ndcg@20 : 0.0664    mrr@10 : 0.0316    mrr@20 : 0.0373
Thu 03 Sep 2026 16:34:20 INFO  Saving current: saved/SASRec-Sep-03-2026_16-34-06.pth
Thu 03 Sep 2026 16:34:23 INFO  epoch 4 training [time: 3.32s, train loss: 292.2275]
Thu 03 Sep 2026 16:34:23 INFO  epoch 4 evaluating [time: 0.06s, valid_score: 0.047600]
Thu 03 Sep 2026 16:34:23 INFO  valid result: 
recall@10 : 0.1039    recall@20 : 0.1866    hit@10 : 0.1039    hit@20 : 0.1866    ndcg@10 : 0.0476    ndcg@20 : 0.0685    mrr@10 : 0.031    mrr@20 : 0.0368
Thu 03 Sep 2026 16:34:23 INFO  Saving current: saved/SASRec-Sep-03-2026_16-34-06.pth
Thu 03 Sep 2026 16:34:27 INFO  epoch 5 training [time: 3.32s, train loss: 287.2626]
Thu 03 Sep 2026 16:34:27 INFO  epoch 5 evaluating [time: 0.06s, valid_score: 0.048400]
Thu 03 Sep 2026 16:34:27 INFO  valid result: 
recall@10 : 0.1007    recall@20 : 0.1962    hit@10 : 0.1007    hit@20 : 0.1962    ndcg@10 : 0.0484    ndcg@20 : 0.0725    mrr@10 : 0.0326    mrr@20 : 0.0392
Thu 03 Sep 2026 16:34:27 INFO  Saving current: saved/SASRec-Sep-03-2026_16-34-06.pth
Thu 03 Sep 2026 16:34:30 INFO  epoch 6 training [time: 3.33s, train loss: 284.2624]
Thu 03 Sep 2026 16:34:30 INFO  epoch 6 evaluating [time: 0.05s, valid_score: 0.052400]
Thu 03 Sep 2026 16:34:30 INFO  valid result: 
recall@10 : 0.1166    recall@20 : 0.2047    hit@10 : 0.1166    hit@20 : 0.2047    ndcg@10 : 0.0524    ndcg@20 : 0.0744    mrr@10 : 0.0336    mrr@20 : 0.0395
Thu 03 Sep 2026 16:34:30 INFO  Saving current: saved/SASRec-Sep-03-2026_16-34-06.pth
Thu 03 Sep 2026 16:34:34 INFO  epoch 7 training [time: 3.32s, train loss: 282.1962]
Thu 03 Sep 2026 16:34:34 INFO  epoch 7 evaluating [time: 0.06s, valid_score: 0.056400]
Thu 03 Sep 2026 16:34:34 INFO  valid result: 
recall@10 : 0.1262    recall@20 : 0.2025    hit@10 : 0.1262    hit@20 : 0.2025    ndcg@10 : 0.0564    ndcg@20 : 0.0756    mrr@10 : 0.0359    mrr@20 : 0.0411
Thu 03 Sep 2026 16:34:34 INFO  Saving current: saved/SASRec-Sep-03-2026_16-34-06.pth
Thu 03 Sep 2026 16:34:37 INFO  epoch 8 training [time: 3.33s, train loss: 280.3637]
Thu 03 Sep 2026 16:34:37 INFO  epoch 8 evaluating [time: 0.06s, valid_score: 0.060200]
Thu 03 Sep 2026 16:34:37 INFO  valid result: 
recall@10 : 0.1209    recall@20 : 0.2121    hit@10 : 0.1209    hit@20 : 0.2121    ndcg@10 : 0.0602    ndcg@20 : 0.083    mrr@10 : 0.042    mrr@20 : 0.0482
Thu 03 Sep 2026 16:34:37 INFO  Saving current: saved/SASRec-Sep-03-2026_16-34-06.pth
Thu 03 Sep 2026 16:34:40 INFO  epoch 9 training [time: 3.41s, train loss: 278.8141]
Thu 03 Sep 2026 16:34:40 INFO  epoch 9 evaluating [time: 0.02s, valid_score: 0.059200]
Thu 03 Sep 2026 16:34:40 INFO  valid result: 
recall@10 : 0.1326    recall@20 : 0.2248    hit@10 : 0.1326    hit@20 : 0.2248    ndcg@10 : 0.0592    ndcg@20 : 0.0823    mrr@10 : 0.0374    mrr@20 : 0.0436
Thu 03 Sep 2026 16:34:44 INFO  epoch 10 training [time: 3.32s, train loss: 277.4588]
Thu 03 Sep 2026 16:34:44 INFO  epoch 10 evaluating [time: 0.05s, valid_score: 0.062100]
Thu 03 Sep 2026 16:34:44 INFO  valid result: 
recall@10 : 0.1368    recall@20 : 0.2322    hit@10 : 0.1368    hit@20 : 0.2322    ndcg@10 : 0.0621    ndcg@20 : 0.086    mrr@10 : 0.0399    mrr@20 : 0.0463
Thu 03 Sep 2026 16:34:44 INFO  Saving current: saved/SASRec-Sep-03-2026_16-34-06.pth
Thu 03 Sep 2026 16:34:47 INFO  epoch 11 training [time: 3.33s, train loss: 276.4179]
Thu 03 Sep 2026 16:34:47 INFO  epoch 11 evaluating [time: 0.02s, valid_score: 0.063800]
Thu 03 Sep 2026 16:34:47 INFO  valid result: 
recall@10 : 0.1357    recall@20 : 0.2248    hit@10 : 0.1357    hit@20 : 0.2248    ndcg@10 : 0.0638    ndcg@20 : 0.0862    mrr@10 : 0.0422    mrr@20 : 0.0483
Thu 03 Sep 2026 16:34:47 INFO  Saving current: saved/SASRec-Sep-03-2026_16-34-06.pth
Thu 03 Sep 2026 16:34:51 INFO  epoch 12 training [time: 3.31s, train loss: 275.2986]
Thu 03 Sep 2026 16:34:51 INFO  epoch 12 evaluating [time: 0.02s, valid_score: 0.066500]
Thu 03 Sep 2026 16:34:51 INFO  valid result: 
recall@10 : 0.1485    recall@20 : 0.2248    hit@10 : 0.1485    hit@20 : 0.2248    ndcg@10 : 0.0665    ndcg@20 : 0.0856    mrr@10 : 0.0422    mrr@20 : 0.0473
Thu 03 Sep 2026 16:34:51 INFO  Saving current: saved/SASRec-Sep-03-2026_16-34-06.pth
Thu 03 Sep 2026 16:34:54 INFO  epoch 13 training [time: 3.27s, train loss: 274.3439]
Thu 03 Sep 2026 16:34:54 INFO  epoch 13 evaluating [time: 0.04s, valid_score: 0.066300]
Thu 03 Sep 2026 16:34:54 INFO  valid result: 
recall@10 : 0.1432    recall@20 : 0.2248    hit@10 : 0.1432    hit@20 : 0.2248    ndcg@10 : 0.0663    ndcg@20 : 0.087    mrr@10 : 0.0434    mrr@20 : 0.0491
Thu 03 Sep 2026 16:34:57 INFO  epoch 14 training [time: 3.35s, train loss: 273.4574]
Thu 03 Sep 2026 16:34:57 INFO  epoch 14 evaluating [time: 0.05s, valid_score: 0.065400]
Thu 03 Sep 2026 16:34:57 INFO  valid result: 
recall@10 : 0.1442    recall@20 : 0.2375    hit@10 : 0.1442    hit@20 : 0.2375    ndcg@10 : 0.0654    ndcg@20 : 0.0887    mrr@10 : 0.0419    mrr@20 : 0.0482
Thu 03 Sep 2026 16:35:01 INFO  epoch 15 training [time: 3.32s, train loss: 272.5629]
Thu 03 Sep 2026 16:35:01 INFO  epoch 15 evaluating [time: 0.02s, valid_score: 0.064300]
Thu 03 Sep 2026 16:35:01 INFO  valid result: 
recall@10 : 0.1368    recall@20 : 0.2291    hit@10 : 0.1368    hit@20 : 0.2291    ndcg@10 : 0.0643    ndcg@20 : 0.0876    mrr@10 : 0.0427    mrr@20 : 0.0491
Thu 03 Sep 2026 16:35:04 INFO  epoch 16 training [time: 3.29s, train loss: 271.8082]
Thu 03 Sep 2026 16:35:04 INFO  epoch 16 evaluating [time: 0.02s, valid_score: 0.062400]
Thu 03 Sep 2026 16:35:04 INFO  valid result: 
recall@10 : 0.1304    recall@20 : 0.2322    hit@10 : 0.1304    hit@20 : 0.2322    ndcg@10 : 0.0624    ndcg@20 : 0.0881    mrr@10 : 0.042    mrr@20 : 0.049
Thu 03 Sep 2026 16:35:04 INFO  Finished training, best eval result in epoch 12
Thu 03 Sep 2026 16:35:04 INFO  Loading model structure and parameters from saved/SASRec-Sep-03-2026_16-34-06.pth
Thu 03 Sep 2026 16:35:05 INFO  The running environment of this training is as follows:
+-------------+-----------------+
| Environment |      Usage      |
+=============+=================+
| CPU         |     1.30 %      |
+-------------+-----------------+
| GPU         | 2.12 G/11.63 G  |
+-------------+-----------------+
| Memory      | 1.06 G/251.54 G |
+-------------+-----------------+
Thu 03 Sep 2026 16:35:05 INFO  best valid : OrderedDict([('recall@10', 0.1485), ('recall@20', 0.2248), ('hit@10', 0.1485), ('hit@20', 0.2248), ('ndcg@10', 0.0665), ('ndcg@20', 0.0856), ('mrr@10', 0.0422), ('mrr@20', 0.0473)])
Thu 03 Sep 2026 16:35:05 INFO  test result: OrderedDict([('recall@10', 0.1273), ('recall@20', 0.2004), ('hit@10', 0.1273), ('hit@20', 0.2004), ('ndcg@10', 0.0615), ('ndcg@20', 0.0797), ('mrr@10', 0.0418), ('mrr@20', 0.0467)])
