Thu 03 Sep 2026 15:40:06 INFO  ['experiments/code/run_experiment.py']
Thu 03 Sep 2026 15:40:06 INFO  
General Hyper Parameters:
gpu_id = 0
use_gpu = True
seed = 2026
state = INFO
reproducibility = True
data_path = /root/miniconda3/lib/python3.10/site-packages/recbole/config/../dataset_example/ml-100k
checkpoint_dir = /root/autodl-tmp/Recbole-Learning/experiments/outputs/checkpoints
show_progress = True
save_dataset = False
dataset_save_path = None
save_dataloaders = False
dataloaders_save_path = None
log_wandb = False

Training Hyper Parameters:
epochs = 10
train_batch_size = 2048
learner = adam
learning_rate = 0.001
train_neg_sample_args = {'distribution': 'none', 'sample_num': 'none', 'alpha': 'none', 'dynamic': False, 'candidate_num': 0}
eval_step = 1
stopping_step = 3
clip_grad_norm = None
weight_decay = 0.0
loss_decimal_place = 4

Evaluation Hyper Parameters:
eval_args = {'split': {'LS': 'valid_and_test'}, 'order': 'TO', 'group_by': 'user', 'mode': {'valid': 'full', 'test': 'full'}}
repeatable = True
metrics = ['Recall', 'Hit', 'NDCG', 'MRR']
topk = [10, 20]
valid_metric = NDCG@10
valid_metric_bigger = True
eval_batch_size = 4096
metric_decimal_place = 4

Dataset Hyper Parameters:
field_separator = 	
seq_separator =  
USER_ID_FIELD = user_id
ITEM_ID_FIELD = item_id
RATING_FIELD = rating
TIME_FIELD = timestamp
seq_len = None
LABEL_FIELD = label
threshold = None
NEG_PREFIX = neg_
load_col = {'inter': ['user_id', 'item_id', 'timestamp']}
unload_col = None
unused_col = None
additional_feat_suffix = None
rm_dup_inter = None
val_interval = None
filter_inter_by_user_or_item = True
user_inter_num_interval = None
item_inter_num_interval = None
alias_of_user_id = None
alias_of_item_id = None
alias_of_entity_id = None
alias_of_relation_id = None
preload_weight = None
normalize_field = None
normalize_all = True
ITEM_LIST_LENGTH_FIELD = item_length
LIST_SUFFIX = _list
MAX_ITEM_LIST_LENGTH = 50
POSITION_FIELD = position_id
HEAD_ENTITY_ID_FIELD = head_id
TAIL_ENTITY_ID_FIELD = tail_id
RELATION_ID_FIELD = relation_id
ENTITY_ID_FIELD = entity_id
kg_reverse_r = False
entity_kg_num_interval = None
relation_kg_num_interval = None
benchmark_filename = None

Other Hyper Parameters: 
worker = 0
wandb_project = recbole
shuffle = True
require_pow = False
enable_amp = False
enable_scaler = False
transform = None
n_layers = 2
n_heads = 2
hidden_size = 64
inner_size = 256
hidden_dropout_prob = 0.2
attn_dropout_prob = 0.2
hidden_act = gelu
layer_norm_eps = 1e-12
initializer_range = 0.02
loss_type = CE
numerical_features = []
discretization = None
MODEL_TYPE = ModelType.SEQUENTIAL
embedding_size = 64
MODEL_INPUT_TYPE = InputType.POINTWISE
eval_type = EvaluatorType.RANKING
single_spec = True
local_rank = 0
device = cuda
valid_neg_sample_args = {'distribution': 'uniform', 'sample_num': 'none'}
test_neg_sample_args = {'distribution': 'uniform', 'sample_num': 'none'}


Thu 03 Sep 2026 15:40:06 INFO  ml-100k
The number of users: 944
Average actions of users: 106.04453870625663
The number of items: 1683
Average actions of items: 59.45303210463734
The number of inters: 100000
The sparsity of the dataset: 93.70575143257098%
Remain Fields: ['user_id', 'item_id', 'timestamp']
Thu 03 Sep 2026 15:40:08 INFO  [Training]: train_batch_size = [2048] train_neg_sample_args: [{'distribution': 'none', 'sample_num': 'none', 'alpha': 'none', 'dynamic': False, 'candidate_num': 0}]
Thu 03 Sep 2026 15:40:08 INFO  [Evaluation]: eval_batch_size = [4096] eval_args: [{'split': {'LS': 'valid_and_test'}, 'order': 'TO', 'group_by': 'user', 'mode': {'valid': 'full', 'test': 'full'}}]
Thu 03 Sep 2026 15:40:08 INFO  SASRec(
  (item_embedding): Embedding(1683, 64, padding_idx=0)
  (position_embedding): Embedding(50, 64)
  (trm_encoder): TransformerEncoder(
    (layer): ModuleList(
      (0-1): 2 x TransformerLayer(
        (multi_head_attention): MultiHeadAttention(
          (query): Linear(in_features=64, out_features=64, bias=True)
          (key): Linear(in_features=64, out_features=64, bias=True)
          (value): Linear(in_features=64, out_features=64, bias=True)
          (softmax): Softmax(dim=-1)
          (attn_dropout): Dropout(p=0.2, inplace=False)
          (dense): Linear(in_features=64, out_features=64, bias=True)
          (LayerNorm): LayerNorm((64,), eps=1e-12, elementwise_affine=True)
          (out_dropout): Dropout(p=0.2, inplace=False)
        )
        (feed_forward): FeedForward(
          (dense_1): Linear(in_features=64, out_features=256, bias=True)
          (dense_2): Linear(in_features=256, out_features=64, bias=True)
          (LayerNorm): LayerNorm((64,), eps=1e-12, elementwise_affine=True)
          (dropout): Dropout(p=0.2, inplace=False)
        )
      )
    )
  )
  (LayerNorm): LayerNorm((64,), eps=1e-12, elementwise_affine=True)
  (dropout): Dropout(p=0.2, inplace=False)
  (loss_fct): CrossEntropyLoss()
)
Trainable parameters: 211008
Thu 03 Sep 2026 15:40:09 INFO  FLOPs: 4983464.0
Thu 03 Sep 2026 15:40:12 INFO  epoch 0 training [time: 3.38s, train loss: 334.6697]
Thu 03 Sep 2026 15:40:12 INFO  epoch 0 evaluating [time: 0.06s, valid_score: 0.024400]
Thu 03 Sep 2026 15:40:12 INFO  valid result: 
recall@10 : 0.053    recall@20 : 0.0954    hit@10 : 0.053    hit@20 : 0.0954    ndcg@10 : 0.0244    ndcg@20 : 0.0351    mrr@10 : 0.0159    mrr@20 : 0.0188
Thu 03 Sep 2026 15:40:12 INFO  Saving current: /root/autodl-tmp/Recbole-Learning/experiments/outputs/checkpoints/SASRec-Sep-03-2026_15-40-09.pth
Thu 03 Sep 2026 15:40:16 INFO  epoch 1 training [time: 3.33s, train loss: 307.8319]
Thu 03 Sep 2026 15:40:16 INFO  epoch 1 evaluating [time: 0.02s, valid_score: 0.041000]
Thu 03 Sep 2026 15:40:16 INFO  valid result: 
recall@10 : 0.0891    recall@20 : 0.158    hit@10 : 0.0891    hit@20 : 0.158    ndcg@10 : 0.041    ndcg@20 : 0.0582    mrr@10 : 0.027    mrr@20 : 0.0316
Thu 03 Sep 2026 15:40:16 INFO  Saving current: /root/autodl-tmp/Recbole-Learning/experiments/outputs/checkpoints/SASRec-Sep-03-2026_15-40-09.pth
Thu 03 Sep 2026 15:40:19 INFO  epoch 2 training [time: 3.37s, train loss: 292.5467]
Thu 03 Sep 2026 15:40:19 INFO  epoch 2 evaluating [time: 0.02s, valid_score: 0.050000]
Thu 03 Sep 2026 15:40:19 INFO  valid result: 
recall@10 : 0.1092    recall@20 : 0.1951    hit@10 : 0.1092    hit@20 : 0.1951    ndcg@10 : 0.05    ndcg@20 : 0.0716    mrr@10 : 0.0324    mrr@20 : 0.0383
Thu 03 Sep 2026 15:40:19 INFO  Saving current: /root/autodl-tmp/Recbole-Learning/experiments/outputs/checkpoints/SASRec-Sep-03-2026_15-40-09.pth
Thu 03 Sep 2026 15:40:23 INFO  epoch 3 training [time: 3.41s, train loss: 284.5655]
Thu 03 Sep 2026 15:40:23 INFO  epoch 3 evaluating [time: 0.02s, valid_score: 0.057000]
Thu 03 Sep 2026 15:40:23 INFO  valid result: 
recall@10 : 0.1251    recall@20 : 0.2036    hit@10 : 0.1251    hit@20 : 0.2036    ndcg@10 : 0.057    ndcg@20 : 0.0771    mrr@10 : 0.037    mrr@20 : 0.0427
Thu 03 Sep 2026 15:40:23 INFO  Saving current: /root/autodl-tmp/Recbole-Learning/experiments/outputs/checkpoints/SASRec-Sep-03-2026_15-40-09.pth
Thu 03 Sep 2026 15:40:26 INFO  epoch 4 training [time: 3.33s, train loss: 280.7873]
Thu 03 Sep 2026 15:40:26 INFO  epoch 4 evaluating [time: 0.02s, valid_score: 0.058800]
Thu 03 Sep 2026 15:40:26 INFO  valid result: 
recall@10 : 0.1241    recall@20 : 0.2015    hit@10 : 0.1241    hit@20 : 0.2015    ndcg@10 : 0.0588    ndcg@20 : 0.0784    mrr@10 : 0.0392    mrr@20 : 0.0446
Thu 03 Sep 2026 15:40:26 INFO  Saving current: /root/autodl-tmp/Recbole-Learning/experiments/outputs/checkpoints/SASRec-Sep-03-2026_15-40-09.pth
Thu 03 Sep 2026 15:40:29 INFO  epoch 5 training [time: 3.33s, train loss: 278.1341]
Thu 03 Sep 2026 15:40:29 INFO  epoch 5 evaluating [time: 0.06s, valid_score: 0.062700]
Thu 03 Sep 2026 15:40:29 INFO  valid result: 
recall@10 : 0.1304    recall@20 : 0.2322    hit@10 : 0.1304    hit@20 : 0.2322    ndcg@10 : 0.0627    ndcg@20 : 0.0882    mrr@10 : 0.0423    mrr@20 : 0.0491
Thu 03 Sep 2026 15:40:29 INFO  Saving current: /root/autodl-tmp/Recbole-Learning/experiments/outputs/checkpoints/SASRec-Sep-03-2026_15-40-09.pth
Thu 03 Sep 2026 15:40:33 INFO  epoch 6 training [time: 3.31s, train loss: 275.9588]
Thu 03 Sep 2026 15:40:33 INFO  epoch 6 evaluating [time: 0.02s, valid_score: 0.055300]
Thu 03 Sep 2026 15:40:33 INFO  valid result: 
recall@10 : 0.1251    recall@20 : 0.2216    hit@10 : 0.1251    hit@20 : 0.2216    ndcg@10 : 0.0553    ndcg@20 : 0.0796    mrr@10 : 0.0343    mrr@20 : 0.041
Thu 03 Sep 2026 15:40:36 INFO  epoch 7 training [time: 3.38s, train loss: 274.0271]
Thu 03 Sep 2026 15:40:36 INFO  epoch 7 evaluating [time: 0.02s, valid_score: 0.062500]
Thu 03 Sep 2026 15:40:36 INFO  valid result: 
recall@10 : 0.1336    recall@20 : 0.2312    hit@10 : 0.1336    hit@20 : 0.2312    ndcg@10 : 0.0625    ndcg@20 : 0.087    mrr@10 : 0.0413    mrr@20 : 0.0479
Thu 03 Sep 2026 15:40:39 INFO  epoch 8 training [time: 3.30s, train loss: 272.2704]
Thu 03 Sep 2026 15:40:39 INFO  epoch 8 evaluating [time: 0.02s, valid_score: 0.060000]
Thu 03 Sep 2026 15:40:39 INFO  valid result: 
recall@10 : 0.1357    recall@20 : 0.2365    hit@10 : 0.1357    hit@20 : 0.2365    ndcg@10 : 0.06    ndcg@20 : 0.0852    mrr@10 : 0.0374    mrr@20 : 0.0442
Thu 03 Sep 2026 15:40:43 INFO  epoch 9 training [time: 3.35s, train loss: 270.6815]
Thu 03 Sep 2026 15:40:43 INFO  epoch 9 evaluating [time: 0.02s, valid_score: 0.057500]
Thu 03 Sep 2026 15:40:43 INFO  valid result: 
recall@10 : 0.1283    recall@20 : 0.245    hit@10 : 0.1283    hit@20 : 0.245    ndcg@10 : 0.0575    ndcg@20 : 0.0869    mrr@10 : 0.0364    mrr@20 : 0.0444
Thu 03 Sep 2026 15:40:43 INFO  Finished training, best eval result in epoch 5
Thu 03 Sep 2026 15:40:43 INFO  Loading model structure and parameters from /root/autodl-tmp/Recbole-Learning/experiments/outputs/checkpoints/SASRec-Sep-03-2026_15-40-09.pth
Thu 03 Sep 2026 15:40:44 INFO  The running environment of this training is as follows:
+-------------+-----------------+
| Environment |      Usage      |
+=============+=================+
| CPU         |     0.70 %      |
+-------------+-----------------+
| GPU         | 2.12 G/11.63 G  |
+-------------+-----------------+
| Memory      | 1.07 G/251.54 G |
+-------------+-----------------+
Thu 03 Sep 2026 15:40:44 INFO  best valid : OrderedDict([('recall@10', 0.1304), ('recall@20', 0.2322), ('hit@10', 0.1304), ('hit@20', 0.2322), ('ndcg@10', 0.0627), ('ndcg@20', 0.0882), ('mrr@10', 0.0423), ('mrr@20', 0.0491)])
Thu 03 Sep 2026 15:40:44 INFO  test result: OrderedDict([('recall@10', 0.1124), ('recall@20', 0.1962), ('hit@10', 0.1124), ('hit@20', 0.1962), ('ndcg@10', 0.0563), ('ndcg@20', 0.0775), ('mrr@10', 0.0391), ('mrr@20', 0.045)])
