Thu 03 Sep 2026 16:00:01 INFO  ['experiments/code/run_experiment.py']
Thu 03 Sep 2026 16:00:01 INFO  
General Hyper Parameters:
gpu_id = 0
use_gpu = True
seed = 2026
state = INFO
reproducibility = True
data_path = /root/miniconda3/lib/python3.10/site-packages/recbole/config/../dataset_example/ml-100k
checkpoint_dir = saved
show_progress = True
save_dataset = False
dataset_save_path = None
save_dataloaders = False
dataloaders_save_path = None
log_wandb = False

Training Hyper Parameters:
epochs = 50
train_batch_size = 2048
learner = adam
learning_rate = 0.0005
train_neg_sample_args = {'distribution': 'uniform', 'sample_num': 1, 'alpha': 1.0, 'dynamic': False, 'candidate_num': 0}
eval_step = 1
stopping_step = 10
clip_grad_norm = None
weight_decay = 0.0
loss_decimal_place = 4

Evaluation Hyper Parameters:
eval_args = {'split': {'RS': [8, 1, 1]}, 'order': 'RO', 'group_by': 'user', 'mode': {'valid': 'full', 'test': 'full'}}
repeatable = False
metrics = ['Recall', 'Hit', 'NDCG', 'MRR']
topk = [10, 20]
valid_metric = NDCG@10
valid_metric_bigger = True
eval_batch_size = 4096
metric_decimal_place = 4

Dataset Hyper Parameters:
field_separator = 	
seq_separator =  
USER_ID_FIELD = user_id
ITEM_ID_FIELD = item_id
RATING_FIELD = rating
TIME_FIELD = timestamp
seq_len = None
LABEL_FIELD = label
threshold = None
NEG_PREFIX = neg_
load_col = {'inter': ['user_id', 'item_id', 'rating', 'timestamp']}
unload_col = None
unused_col = None
additional_feat_suffix = None
rm_dup_inter = None
val_interval = None
filter_inter_by_user_or_item = True
user_inter_num_interval = None
item_inter_num_interval = None
alias_of_user_id = None
alias_of_item_id = None
alias_of_entity_id = None
alias_of_relation_id = None
preload_weight = None
normalize_field = None
normalize_all = True
ITEM_LIST_LENGTH_FIELD = item_length
LIST_SUFFIX = _list
MAX_ITEM_LIST_LENGTH = 50
POSITION_FIELD = position_id
HEAD_ENTITY_ID_FIELD = head_id
TAIL_ENTITY_ID_FIELD = tail_id
RELATION_ID_FIELD = relation_id
ENTITY_ID_FIELD = entity_id
kg_reverse_r = False
entity_kg_num_interval = None
relation_kg_num_interval = None
benchmark_filename = None

Other Hyper Parameters: 
worker = 0
wandb_project = recbole
shuffle = True
require_pow = False
enable_amp = False
enable_scaler = False
transform = None
embedding_size = 64
n_layers = 3
reg_weight = 1e-05
numerical_features = []
discretization = None
MODEL_TYPE = ModelType.GENERAL
loss_type = BPR
MODEL_INPUT_TYPE = InputType.PAIRWISE
eval_type = EvaluatorType.RANKING
single_spec = True
local_rank = 0
device = cuda
valid_neg_sample_args = {'distribution': 'uniform', 'sample_num': 'none'}
test_neg_sample_args = {'distribution': 'uniform', 'sample_num': 'none'}


Thu 03 Sep 2026 16:00:02 INFO  ml-100k
The number of users: 944
Average actions of users: 106.04453870625663
The number of items: 1683
Average actions of items: 59.45303210463734
The number of inters: 100000
The sparsity of the dataset: 93.70575143257098%
Remain Fields: ['user_id', 'item_id', 'rating', 'timestamp']
Thu 03 Sep 2026 16:00:02 INFO  [Training]: train_batch_size = [2048] train_neg_sample_args: [{'distribution': 'uniform', 'sample_num': 1, 'alpha': 1.0, 'dynamic': False, 'candidate_num': 0}]
Thu 03 Sep 2026 16:00:02 INFO  [Evaluation]: eval_batch_size = [4096] eval_args: [{'split': {'RS': [8, 1, 1]}, 'order': 'RO', 'group_by': 'user', 'mode': {'valid': 'full', 'test': 'full'}}]
Thu 03 Sep 2026 16:00:02 INFO  LightGCN(
  (user_embedding): Embedding(944, 64)
  (item_embedding): Embedding(1683, 64)
  (mf_loss): BPRLoss()
  (reg_loss): EmbLoss()
)
Trainable parameters: 168128
Thu 03 Sep 2026 16:00:02 INFO  FLOPs: 0.0
Thu 03 Sep 2026 16:00:03 INFO  epoch 0 training [time: 0.63s, train loss: 27.6787]
Thu 03 Sep 2026 16:00:04 INFO  epoch 0 evaluating [time: 0.52s, valid_score: 0.123800]
Thu 03 Sep 2026 16:00:04 INFO  valid result: 
recall@10 : 0.1125    recall@20 : 0.1749    hit@10 : 0.5472    hit@20 : 0.684    ndcg@10 : 0.1238    ndcg@20 : 0.1404    mrr@10 : 0.2366    mrr@20 : 0.2464
Thu 03 Sep 2026 16:00:04 INFO  Saving current: saved/LightGCN-Sep-03-2026_16-00-02.pth
Thu 03 Sep 2026 16:00:04 INFO  epoch 1 training [time: 0.54s, train loss: 27.0899]
Thu 03 Sep 2026 16:00:05 INFO  epoch 1 evaluating [time: 0.47s, valid_score: 0.120400]
Thu 03 Sep 2026 16:00:05 INFO  valid result: 
recall@10 : 0.1168    recall@20 : 0.1817    hit@10 : 0.5567    hit@20 : 0.702    ndcg@10 : 0.1204    ndcg@20 : 0.1378    mrr@10 : 0.2201    mrr@20 : 0.2303
Thu 03 Sep 2026 16:00:05 INFO  epoch 2 training [time: 0.52s, train loss: 25.2961]
Thu 03 Sep 2026 16:00:06 INFO  epoch 2 evaluating [time: 0.48s, valid_score: 0.118500]
Thu 03 Sep 2026 16:00:06 INFO  valid result: 
recall@10 : 0.1158    recall@20 : 0.1813    hit@10 : 0.5525    hit@20 : 0.7041    ndcg@10 : 0.1185    ndcg@20 : 0.1367    mrr@10 : 0.2186    mrr@20 : 0.2292
Thu 03 Sep 2026 16:00:06 INFO  epoch 3 training [time: 0.51s, train loss: 22.5916]
Thu 03 Sep 2026 16:00:07 INFO  epoch 3 evaluating [time: 0.47s, valid_score: 0.117300]
Thu 03 Sep 2026 16:00:07 INFO  valid result: 
recall@10 : 0.1145    recall@20 : 0.1827    hit@10 : 0.5461    hit@20 : 0.7094    ndcg@10 : 0.1173    ndcg@20 : 0.1366    mrr@10 : 0.2171    mrr@20 : 0.2285
Thu 03 Sep 2026 16:00:07 INFO  epoch 4 training [time: 0.51s, train loss: 19.9651]
Thu 03 Sep 2026 16:00:08 INFO  epoch 4 evaluating [time: 0.47s, valid_score: 0.116700]
Thu 03 Sep 2026 16:00:08 INFO  valid result: 
recall@10 : 0.1136    recall@20 : 0.1831    hit@10 : 0.544    hit@20 : 0.7116    ndcg@10 : 0.1167    ndcg@20 : 0.1366    mrr@10 : 0.2167    mrr@20 : 0.2284
Thu 03 Sep 2026 16:00:08 INFO  epoch 5 training [time: 0.51s, train loss: 17.9101]
Thu 03 Sep 2026 16:00:09 INFO  epoch 5 evaluating [time: 0.47s, valid_score: 0.116900]
Thu 03 Sep 2026 16:00:09 INFO  valid result: 
recall@10 : 0.1134    recall@20 : 0.1841    hit@10 : 0.544    hit@20 : 0.7116    ndcg@10 : 0.1169    ndcg@20 : 0.1371    mrr@10 : 0.217    mrr@20 : 0.2288
Thu 03 Sep 2026 16:00:09 INFO  epoch 6 training [time: 0.49s, train loss: 16.5157]
Thu 03 Sep 2026 16:00:10 INFO  epoch 6 evaluating [time: 0.46s, valid_score: 0.118000]
Thu 03 Sep 2026 16:00:10 INFO  valid result: 
recall@10 : 0.1153    recall@20 : 0.1827    hit@10 : 0.5514    hit@20 : 0.7094    ndcg@10 : 0.118    ndcg@20 : 0.1365    mrr@10 : 0.2174    mrr@20 : 0.2283
Thu 03 Sep 2026 16:00:10 INFO  epoch 7 training [time: 0.51s, train loss: 15.6469]
Thu 03 Sep 2026 16:00:11 INFO  epoch 7 evaluating [time: 0.46s, valid_score: 0.118400]
Thu 03 Sep 2026 16:00:11 INFO  valid result: 
recall@10 : 0.1161    recall@20 : 0.1817    hit@10 : 0.5514    hit@20 : 0.7073    ndcg@10 : 0.1184    ndcg@20 : 0.1361    mrr@10 : 0.2177    mrr@20 : 0.2284
Thu 03 Sep 2026 16:00:11 INFO  epoch 8 training [time: 0.51s, train loss: 15.1097]
Thu 03 Sep 2026 16:00:12 INFO  epoch 8 evaluating [time: 0.47s, valid_score: 0.118000]
Thu 03 Sep 2026 16:00:12 INFO  valid result: 
recall@10 : 0.1142    recall@20 : 0.1805    hit@10 : 0.5472    hit@20 : 0.702    ndcg@10 : 0.118    ndcg@20 : 0.1361    mrr@10 : 0.2179    mrr@20 : 0.2286
Thu 03 Sep 2026 16:00:12 INFO  epoch 9 training [time: 0.51s, train loss: 14.7526]
Thu 03 Sep 2026 16:00:13 INFO  epoch 9 evaluating [time: 0.47s, valid_score: 0.118300]
Thu 03 Sep 2026 16:00:13 INFO  valid result: 
recall@10 : 0.1141    recall@20 : 0.18    hit@10 : 0.5472    hit@20 : 0.6957    ndcg@10 : 0.1183    ndcg@20 : 0.1362    mrr@10 : 0.2184    mrr@20 : 0.2289
Thu 03 Sep 2026 16:00:13 INFO  epoch 10 training [time: 0.52s, train loss: 14.6201]
Thu 03 Sep 2026 16:00:14 INFO  epoch 10 evaluating [time: 0.48s, valid_score: 0.117800]
Thu 03 Sep 2026 16:00:14 INFO  valid result: 
recall@10 : 0.1123    recall@20 : 0.1778    hit@10 : 0.5461    hit@20 : 0.6935    ndcg@10 : 0.1178    ndcg@20 : 0.1357    mrr@10 : 0.2178    mrr@20 : 0.2283
Thu 03 Sep 2026 16:00:14 INFO  epoch 11 training [time: 0.52s, train loss: 14.4009]
Thu 03 Sep 2026 16:00:15 INFO  epoch 11 evaluating [time: 0.47s, valid_score: 0.118600]
Thu 03 Sep 2026 16:00:15 INFO  valid result: 
recall@10 : 0.1126    recall@20 : 0.1779    hit@10 : 0.5483    hit@20 : 0.6935    ndcg@10 : 0.1186    ndcg@20 : 0.1359    mrr@10 : 0.2185    mrr@20 : 0.2287
Thu 03 Sep 2026 16:00:15 INFO  Finished training, best eval result in epoch 0
Thu 03 Sep 2026 16:00:15 INFO  Loading model structure and parameters from saved/LightGCN-Sep-03-2026_16-00-02.pth
Thu 03 Sep 2026 16:00:16 INFO  The running environment of this training is as follows:
+-------------+-----------------+
| Environment |      Usage      |
+=============+=================+
| CPU         |     3.70 %      |
+-------------+-----------------+
| GPU         | 0.05 G/11.63 G  |
+-------------+-----------------+
| Memory      | 0.98 G/251.54 G |
+-------------+-----------------+
Thu 03 Sep 2026 16:00:16 INFO  best valid : OrderedDict([('recall@10', 0.1125), ('recall@20', 0.1749), ('hit@10', 0.5472), ('hit@20', 0.684), ('ndcg@10', 0.1238), ('ndcg@20', 0.1404), ('mrr@10', 0.2366), ('mrr@20', 0.2464)])
Thu 03 Sep 2026 16:00:16 INFO  test result: OrderedDict([('recall@10', 0.118), ('recall@20', 0.184), ('hit@10', 0.5599), ('hit@20', 0.6829), ('ndcg@10', 0.1362), ('ndcg@20', 0.1513), ('mrr@10', 0.2623), ('mrr@20', 0.2707)])
